\BOOKMARK [1][-]{section.1}{\376\377\136\003\134\024\116\343\145\160}{}% 1
\BOOKMARK [2][-]{subsection.1.1}{\376\377\145\160\166\204\177\026\170\001\116\016\210\150\171\072}{section.1}% 2
\BOOKMARK [3][-]{subsubsection.1.1.1}{\376\377\116\214\217\333\122\066\201\352\161\066\145\160\166\204\162\171\153\212\177\026\170\001}{subsection.1.1}% 3
\BOOKMARK [3][-]{subsubsection.1.1.2}{\376\377\116\214\217\333\122\066\145\164\145\160\166\204\177\026\170\001}{subsection.1.1}% 4
\BOOKMARK [3][-]{subsubsection*.4}{\376\377\000[\0000\000p\000t\000]\000[\000r\000]\000*\0001\000.\0001\000.\0003\000\040\116\214\217\333\122\066\134\017\145\160\166\204\177\026\170\001}{subsection.1.1}% 5
\BOOKMARK [2][-]{subsection.1.2}{\376\377\121\375\145\160\166\204\136\003\134\024\116\343\145\160\210\150\171\072}{section.1}% 6
\BOOKMARK [3][-]{subsubsection.1.2.1}{\376\377\136\003\134\024\116\343\145\160}{subsection.1.2}% 7
\BOOKMARK [3][-]{subsubsection.1.2.2}{\376\377\121\375\145\160\166\204\220\073\217\221\133\236\163\260}{subsection.1.2}% 8
\BOOKMARK [1][-]{section.2}{\376\377\220\073\217\221\213\241\173\227}{}% 9
\BOOKMARK [2][-]{subsection.2.1}{\376\377\116\316\165\065\215\357\122\060\220\073\217\221\225\350}{section.2}% 10
\BOOKMARK [2][-]{subsection.2.2}{\376\377\176\304\124\010\220\073\217\221}{section.2}% 11
\BOOKMARK [3][-]{subsubsection.2.2.1}{\376\377\176\304\124\010\220\073\217\221\165\065\215\357\166\204\122\006\147\220\145\271\154\325}{subsection.2.2}% 12
\BOOKMARK [3][-]{subsubsection.2.2.2}{\376\377\176\304\124\010\220\073\217\221\165\065\215\357\166\204\213\276\213\241\217\307\172\013}{subsection.2.2}% 13
\BOOKMARK [3][-]{subsubsection.2.2.3}{\376\377\176\304\124\010\220\073\217\221\165\065\215\357\166\204\213\304\116\367\143\007\150\007}{subsection.2.2}% 14
\BOOKMARK [3][-]{subsubsection.2.2.4}{\376\377\176\304\124\010\220\073\217\221\165\065\215\357\166\204\213\276\213\241\133\236\117\213}{subsection.2.2}% 15
\BOOKMARK [2][-]{subsection.2.3}{\376\377\145\366\136\217\220\073\217\221}{section.2}% 16
\BOOKMARK [3][-]{subsubsection.2.3.1}{\376\377\145\366\136\217\220\073\217\221\165\065\215\357\166\204\127\372\147\054\151\202\137\365}{subsection.2.3}% 17
\BOOKMARK [3][-]{subsubsection.2.3.2}{\376\377\225\001\133\130\126\150\124\214\133\304\133\130\126\150}{subsection.2.3}% 18
\BOOKMARK [3][-]{subsubsection.2.3.3}{\376\377\145\366\136\217\220\073\217\221\165\065\215\357\122\006\147\220}{subsection.2.3}% 19
\BOOKMARK [3][-]{subsubsection.2.3.4}{\376\377\145\366\136\217\220\073\217\221\165\065\215\357\213\276\213\241}{subsection.2.3}% 20
\BOOKMARK [1][-]{section.3}{\376\377\213\241\173\227\147\072\143\007\116\344\226\306\174\373\176\337}{}% 21
\BOOKMARK [2][-]{subsection.3.1}{\376\377\220\032\165\050\131\004\164\006\126\150\166\204\127\372\147\054\176\323\147\204}{section.3}% 22
\BOOKMARK [3][-]{subsubsection.3.1.1}{\376\377\173\227\154\325\116\016\143\007\116\344\166\204\133\236\163\260}{subsection.3.1}% 23
\BOOKMARK [3][-]{subsubsection.3.1.2}{\376\377\172\013\136\217\166\204\142\147\210\114\155\101\172\013}{subsection.3.1}% 24
